python.exe : Traceback (most
 recent call last):
At line:1 char:1
+ & c:/Users/pc/Documents/Gi
tHub/IIoT-Reciever-Tool/.ven
v/Scripts/pytho ...
+ ~~~~~~~~~~~~~~~~~~~~~~~~~~
~~~~~~~~~~~~~~~~~~~~~~~~~~~~
~~~~~~~~~~~~~~~
    + CategoryInfo          
    : NotSpecified: (Trace  
  back (most recent call    
 last)::String) [], Remo    
teException
    + FullyQualifiedErrorId 
    : NativeCommandError
 
  File "c:\Users\pc\Document
s\GitHub\IIoT-Reciever-Tool\
tests\test_set_param.py", li
ne 8, in <module>
    client.set_param(2, 102)
  File "C:\Users\pc\Document
s\GitHub\IIoT-Reciever-Tool\
.venv\Lib\site-packages\snap
7\error.py", line 120, in in
ner
    code = func(*args, **kwa
rgs)
           ^^^^^^^^^^^^^^^^^
^^^^
  File "C:\Users\pc\Document
s\GitHub\IIoT-Reciever-Tool\
.venv\Lib\site-packages\snap
7\client.py", line 843, in s
et_param
    return self._lib.Cli_Set
Param(self._s7_client, param
eter, byref(parameter.ctype(
value)))
                            
                            
            ^^^^^^^^^^^^^^^
AttributeError: 'int' object
 has no attribute 'ctype'
Traceback (most recent call 
last):
  File "c:\Users\pc\Document
s\GitHub\IIoT-Reciever-Tool\
tests\test_set_param.py", li
ne 16, in <module>
    client.set_param(2, ctyp
es.byref(value))
  File "C:\Users\pc\Document
s\GitHub\IIoT-Reciever-Tool\
.venv\Lib\site-packages\snap
7\error.py", line 120, in in
ner
    code = func(*args, **kwa
rgs)
           ^^^^^^^^^^^^^^^^^
^^^^
  File "C:\Users\pc\Document
s\GitHub\IIoT-Reciever-Tool\
.venv\Lib\site-packages\snap
7\client.py", line 843, in s
et_param
    return self._lib.Cli_Set
Param(self._s7_client, param
eter, byref(parameter.ctype(
value)))
                            
                            
            ^^^^^^^^^^^^^^^
AttributeError: 'int' object
 has no attribute 'ctype'
Traceback (most recent call 
last):
  File "c:\Users\pc\Document
s\GitHub\IIoT-Reciever-Tool\
tests\test_set_param.py", li
ne 24, in <module>
    client.set_param(2, valu
e)
  File "C:\Users\pc\Document
s\GitHub\IIoT-Reciever-Tool\
.venv\Lib\site-packages\snap
7\error.py", line 120, in in
ner
    code = func(*args, **kwa
rgs)
           ^^^^^^^^^^^^^^^^^
^^^^
  File "C:\Users\pc\Document
s\GitHub\IIoT-Reciever-Tool\
.venv\Lib\site-packages\snap
7\client.py", line 843, in s
et_param
    return self._lib.Cli_Set
Param(self._s7_client, param
eter, byref(parameter.ctype(
value)))
                            
                            
            ^^^^^^^^^^^^^^^
AttributeError: 'int' object
 has no attribute 'ctype'
Attempting to set param with int...
Attempting to set param with ctypes...
Attempting to set param with ctypes value...
